This is XeTeX, Version 3.141592653-2.6-0.999998 (TeX Live 2026) (preloaded format=xelatex)
 restricted \write18 enabled.
entering extended mode
(./build/final_report.tex
LaTeX2e <2025-11-01>
L3 programming layer <2026-01-19>
(/usr/local/texlive/2026basic/texmf-dist/tex/latex/base/article.cls
Document Class: article 2025/01/22 v1.4n Standard LaTeX document class
(/usr/local/texlive/2026basic/texmf-dist/tex/latex/base/size11.clo))
(/usr/local/texlive/2026basic/texmf-dist/tex/latex/xcolor/xcolor.sty
(/usr/local/texlive/2026basic/texmf-dist/tex/latex/graphics-cfg/color.cfg)
(/usr/local/texlive/2026basic/texmf-dist/tex/latex/graphics-def/xetex.def)
(/usr/local/texlive/2026basic/texmf-dist/tex/latex/graphics/mathcolor.ltx))
(/usr/local/texlive/2026basic/texmf-dist/tex/latex/graphics/dvipsnam.def)
(/usr/local/texlive/2026basic/texmf-dist/tex/latex/xcolor/svgnam.def)
(/usr/local/texlive/2026basic/texmf-dist/tex/latex/xcolor/x11nam.def)
(/usr/local/texlive/2026basic/texmf-dist/tex/latex/geometry/geometry.sty
(/usr/local/texlive/2026basic/texmf-dist/tex/latex/graphics/keyval.sty)
(/usr/local/texlive/2026basic/texmf-dist/tex/generic/iftex/ifvtex.sty
(/usr/local/texlive/2026basic/texmf-dist/tex/generic/iftex/iftex.sty)))
(/usr/local/texlive/2026basic/texmf-dist/tex/latex/amsmath/amsmath.sty
For additional information on amsmath, use the `?' option.
(/usr/local/texlive/2026basic/texmf-dist/tex/latex/amsmath/amstext.sty
(/usr/local/texlive/2026basic/texmf-dist/tex/latex/amsmath/amsgen.sty))
(/usr/local/texlive/2026basic/texmf-dist/tex/latex/amsmath/amsbsy.sty)
(/usr/local/texlive/2026basic/texmf-dist/tex/latex/amsmath/amsopn.sty))
(/usr/local/texlive/2026basic/texmf-dist/tex/latex/amsfonts/amssymb.sty
(/usr/local/texlive/2026basic/texmf-dist/tex/latex/amsfonts/amsfonts.sty))
(/usr/local/texlive/2026basic/texmf-dist/tex/latex/unicode-math/unicode-math.st
y (/usr/local/texlive/2026basic/texmf-dist/tex/latex/l3kernel/expl3.sty
(/usr/local/texlive/2026basic/texmf-dist/tex/latex/l3backend/l3backend-xetex.de
f))
(/usr/local/texlive/2026basic/texmf-dist/tex/latex/unicode-math/unicode-math-xe
tex.sty
(/usr/local/texlive/2026basic/texmf-dist/tex/latex/l3packages/xparse/xparse.sty
)
(/usr/local/texlive/2026basic/texmf-dist/tex/latex/l3packages/l3keys2e/l3keys2e
.sty) (/usr/local/texlive/2026basic/texmf-dist/tex/latex/fontspec/fontspec.sty
(/usr/local/texlive/2026basic/texmf-dist/tex/latex/fontspec/fontspec-xetex.sty
(/usr/local/texlive/2026basic/texmf-dist/tex/latex/base/fontenc.sty)
(/usr/local/texlive/2026basic/texmf-dist/tex/latex/fontspec/fontspec.cfg)))
(/usr/local/texlive/2026basic/texmf-dist/tex/latex/base/fix-cm.sty
(/usr/local/texlive/2026basic/texmf-dist/tex/latex/base/ts1enc.def))
(/usr/local/texlive/2026basic/texmf-dist/tex/latex/unicode-math/unicode-math-ta
ble.tex))) (/usr/local/texlive/2026basic/texmf-dist/tex/latex/lm/lmodern.sty)
(/usr/local/texlive/2026basic/texmf-dist/tex/latex/upquote/upquote.sty
(/usr/local/texlive/2026basic/texmf-dist/tex/latex/base/textcomp.sty))
(/usr/local/texlive/2026basic/texmf-dist/tex/latex/microtype/microtype.sty
(/usr/local/texlive/2026basic/texmf-dist/tex/latex/etoolbox/etoolbox.sty)
(/usr/local/texlive/2026basic/texmf-dist/tex/latex/microtype/microtype-xetex.de
f) (/usr/local/texlive/2026basic/texmf-dist/tex/latex/microtype/microtype.cfg))
 (/usr/local/texlive/2026basic/texmf-dist/tex/latex/parskip/parskip.sty
(/usr/local/texlive/2026basic/texmf-dist/tex/latex/kvoptions/kvoptions.sty
(/usr/local/texlive/2026basic/texmf-dist/tex/generic/ltxcmds/ltxcmds.sty)
(/usr/local/texlive/2026basic/texmf-dist/tex/latex/kvsetkeys/kvsetkeys.sty)))
(/usr/local/texlive/2026basic/texmf-dist/tex/latex/tools/longtable.sty)
(/usr/local/texlive/2026basic/texmf-dist/tex/latex/booktabs/booktabs.sty)
(/usr/local/texlive/2026basic/texmf-dist/tex/latex/tools/array.sty)
(/usr/local/texlive/2026basic/texmf-dist/tex/latex/tools/calc.sty)
(/usr/local/texlive/2026basic/texmf-dist/tex/latex/footnotehyper/footnotehyper.
sty) (/usr/local/texlive/2026basic/texmf-dist/tex/latex/graphics/graphicx.sty
(/usr/local/texlive/2026basic/texmf-dist/tex/latex/graphics/graphics.sty
(/usr/local/texlive/2026basic/texmf-dist/tex/latex/graphics/trig.sty)
(/usr/local/texlive/2026basic/texmf-dist/tex/latex/graphics-cfg/graphics.cfg)))
(/usr/local/texlive/2026basic/texmf-dist/tex/latex/float/float.sty)
(/usr/local/texlive/2026basic/texmf-dist/tex/latex/bookmark/bookmark.sty
(/usr/local/texlive/2026basic/texmf-dist/tex/latex/hyperref/hyperref.sty
(/usr/local/texlive/2026basic/texmf-dist/tex/generic/kvdefinekeys/kvdefinekeys.
sty)
(/usr/local/texlive/2026basic/texmf-dist/tex/generic/pdfescape/pdfescape.sty
(/usr/local/texlive/2026basic/texmf-dist/tex/generic/pdftexcmds/pdftexcmds.sty
(/usr/local/texlive/2026basic/texmf-dist/tex/generic/infwarerr/infwarerr.sty)))
 (/usr/local/texlive/2026basic/texmf-dist/tex/latex/hycolor/hycolor.sty)
(/usr/local/texlive/2026basic/texmf-dist/tex/latex/hyperref/nameref.sty
(/usr/local/texlive/2026basic/texmf-dist/tex/latex/refcount/refcount.sty)
(/usr/local/texlive/2026basic/texmf-dist/tex/generic/gettitlestring/gettitlestr
ing.sty))
(/usr/local/texlive/2026basic/texmf-dist/tex/generic/stringenc/stringenc.sty)
(/usr/local/texlive/2026basic/texmf-dist/tex/latex/hyperref/pd1enc.def)
(/usr/local/texlive/2026basic/texmf-dist/tex/generic/intcalc/intcalc.sty)
(/usr/local/texlive/2026basic/texmf-dist/tex/latex/hyperref/puenc.def)
(/usr/local/texlive/2026basic/texmf-dist/tex/latex/url/url.sty)
(/usr/local/texlive/2026basic/texmf-dist/tex/generic/bitset/bitset.sty
(/usr/local/texlive/2026basic/texmf-dist/tex/generic/bigintcalc/bigintcalc.sty)
)) (/usr/local/texlive/2026basic/texmf-dist/tex/latex/hyperref/hxetex.def
(/usr/local/texlive/2026basic/texmf-dist/tex/latex/rerunfilecheck/rerunfilechec
k.sty
(/usr/local/texlive/2026basic/texmf-dist/tex/generic/uniquecounter/uniquecounte
r.sty)))
(/usr/local/texlive/2026basic/texmf-dist/tex/latex/bookmark/bkm-dvipdfm.def))
(build/final_report.aux)
*geometry* driver: auto-detecting
*geometry* detected driver: xetex

(/usr/local/texlive/2026basic/texmf-dist/tex/latex/microtype/mt-LatinModernRoma
n.cfg)

Package microtype Warning: Unknown slot number of character
(microtype)                `¹ (= \textsuperscript {1})'
(microtype)                in font encoding `TU'.
(microtype)                Make sure it's a single character
(microtype)                (or a number) in protrusion list
(microtype)                `LMR-default'.


Package microtype Warning: Unknown slot number of character
(microtype)                `² (= \textsuperscript {2})'
(microtype)                in font encoding `TU'.
(microtype)                Make sure it's a single character
(microtype)                (or a number) in protrusion list
(microtype)                `LMR-default'.


Package microtype Warning: Unknown slot number of character
(microtype)                `³ (= \textsuperscript {3})'
(microtype)                in font encoding `TU'.
(microtype)                Make sure it's a single character
(microtype)                (or a number) in protrusion list
(microtype)                `LMR-default'.


Package microtype Warning: Unknown slot number of character
(microtype)                `¹ (= \textsuperscript {1})'
(microtype)                in font encoding `TU'.
(microtype)                Make sure it's a single character
(microtype)                (or a number) in protrusion list
(microtype)                `LMR-default'.


Package microtype Warning: Unknown slot number of character
(microtype)                `² (= \textsuperscript {2})'
(microtype)                in font encoding `TU'.
(microtype)                Make sure it's a single character
(microtype)                (or a number) in protrusion list
(microtype)                `LMR-default'.


Package microtype Warning: Unknown slot number of character
(microtype)                `³ (= \textsuperscript {3})'
(microtype)                in font encoding `TU'.
(microtype)                Make sure it's a single character
(microtype)                (or a number) in protrusion list
(microtype)                `LMR-default'.

[1]

Package microtype Warning: Unknown slot number of character
(microtype)                `¹ (= \textsuperscript {1})'
(microtype)                in font encoding `TU'.
(microtype)                Make sure it's a single character
(microtype)                (or a number) in protrusion list
(microtype)                `LMR-it'.


Package microtype Warning: Unknown slot number of character
(microtype)                `² (= \textsuperscript {2})'
(microtype)                in font encoding `TU'.
(microtype)                Make sure it's a single character
(microtype)                (or a number) in protrusion list
(microtype)                `LMR-it'.


Package microtype Warning: Unknown slot number of character
(microtype)                `³ (= \textsuperscript {3})'
(microtype)                in font encoding `TU'.
(microtype)                Make sure it's a single character
(microtype)                (or a number) in protrusion list
(microtype)                `LMR-it'.

[2] (/usr/local/texlive/2026basic/texmf-dist/tex/latex/lm/omllmm.fd)
(/usr/local/texlive/2026basic/texmf-dist/tex/latex/amsfonts/umsa.fd)
(/usr/local/texlive/2026basic/texmf-dist/tex/latex/microtype/mt-msa.cfg)
(/usr/local/texlive/2026basic/texmf-dist/tex/latex/amsfonts/umsb.fd)
(/usr/local/texlive/2026basic/texmf-dist/tex/latex/microtype/mt-msb.cfg)
[3] [4] [5]

Package microtype Warning: Unknown slot number of character
(microtype)                `¹ (= \textsuperscript {1})'
(microtype)                in font encoding `TU'.
(microtype)                Make sure it's a single character
(microtype)                (or a number) in protrusion list
(microtype)                `LMR-default'.


Package microtype Warning: Unknown slot number of character
(microtype)                `² (= \textsuperscript {2})'
(microtype)                in font encoding `TU'.
(microtype)                Make sure it's a single character
(microtype)                (or a number) in protrusion list
(microtype)                `LMR-default'.


Package microtype Warning: Unknown slot number of character
(microtype)                `³ (= \textsuperscript {3})'
(microtype)                in font encoding `TU'.
(microtype)                Make sure it's a single character
(microtype)                (or a number) in protrusion list
(microtype)                `LMR-default'.


Package microtype Warning: Unknown slot number of character
(microtype)                `¹ (= \textsuperscript {1})'
(microtype)                in font encoding `TU'.
(microtype)                Make sure it's a single character
(microtype)                (or a number) in protrusion list
(microtype)                `LMR-it'.


Package microtype Warning: Unknown slot number of character
(microtype)                `² (= \textsuperscript {2})'
(microtype)                in font encoding `TU'.
(microtype)                Make sure it's a single character
(microtype)                (or a number) in protrusion list
(microtype)                `LMR-it'.


Package microtype Warning: Unknown slot number of character
(microtype)                `³ (= \textsuperscript {3})'
(microtype)                in font encoding `TU'.
(microtype)                Make sure it's a single character
(microtype)                (or a number) in protrusion list
(microtype)                `LMR-it'.

[6] [7] [8] [9]
Underfull \hbox (badness 7504) in paragraph at lines 716--716
[]\TU/lmr/m/n/10.95 Figure 4: []\TU/lmr/bx/n/10.95 Figure 4. \TU/lmr/m/n/10.95 
Residual diagnostics for the adopted TFR model, log-
[10] [11] [12] [13] [14] [15]
Underfull \hbox (badness 2393) in paragraph at lines 1012--1015
[]\TU/lmr/m/n/10.95 Singapore Department of Statistics (2024) \TU/lmr/m/it/10.9
5 Live-births and fertility rate\TU/lmr/m/n/10.95 . Available at:
[16] [17] [18] (build/final_report.aux) )
(see the transcript file for additional information)
Output written on build/final_report.pdf (18 pages).
Transcript written on build/final_report.log.
